Bitmap.hpp:127:5:touchgfx::Bitmap::Bitmap(touchgfx::BitmapId)	16	static
Drawable.hpp:64:13:touchgfx::Drawable::~Drawable()	16	static
Drawable.hpp:64:13:virtual touchgfx::Drawable::~Drawable()	16	static
Drawable.hpp:134:23:virtual touchgfx::Drawable* touchgfx::Drawable::getFirstChild()	16	static
Drawable.hpp:249:13:int16_t touchgfx::Drawable::getWidth() const	16	static
Drawable.hpp:259:13:int16_t touchgfx::Drawable::getHeight() const	16	static
Drawable.hpp:271:18:virtual void touchgfx::Drawable::setX(int16_t)	16	static
Drawable.hpp:283:18:virtual void touchgfx::Drawable::setY(int16_t)	16	static
Drawable.hpp:312:18:virtual void touchgfx::Drawable::setWidth(int16_t)	16	static
Drawable.hpp:324:18:virtual void touchgfx::Drawable::setHeight(int16_t)	16	static
Drawable.hpp:334:18:virtual void touchgfx::Drawable::childGeometryChanged()	16	static
Drawable.hpp:345:18:virtual void touchgfx::Drawable::handleClickEvent(const touchgfx::ClickEvent&)	16	static
Drawable.hpp:356:18:virtual void touchgfx::Drawable::handleGestureEvent(const touchgfx::GestureEvent&)	16	static
Drawable.hpp:444:18:virtual void touchgfx::Drawable::handleDragEvent(const touchgfx::DragEvent&)	16	static
Drawable.hpp:454:18:virtual void touchgfx::Drawable::handleTickEvent()	16	static
Drawable.hpp:468:10:void touchgfx::Drawable::setVisible(bool)	16	static
Drawable.hpp:478:10:void touchgfx::Drawable::setTouchable(bool)	16	static
Drawable.hpp:490:10:bool touchgfx::Drawable::isVisible() const	16	static
Drawable.hpp:502:10:bool touchgfx::Drawable::isTouchable() const	16	static
Drawable.hpp:541:18:virtual void touchgfx::Drawable::moveTo(int16_t, int16_t)	16	static
Drawable.hpp:578:10:void touchgfx::Drawable::resetDrawChainCache()	16	static
Drawable.hpp:656:18:virtual void touchgfx::Drawable::setupDrawChain(const touchgfx::Rect&, touchgfx::Drawable**)	24	static
Screen.hpp:49:13:touchgfx::Screen::~Screen()	16	static
Screen.hpp:49:13:virtual touchgfx::Screen::~Screen()	16	static
Screen.hpp:96:18:virtual void touchgfx::Screen::setupScreen()	16	static
Screen.hpp:107:18:virtual void touchgfx::Screen::afterTransition()	16	static
Screen.hpp:118:18:virtual void touchgfx::Screen::tearDownScreen()	16	static
Screen.hpp:147:18:virtual void touchgfx::Screen::handleTickEvent()	16	static
Screen.hpp:157:18:virtual void touchgfx::Screen::handleKeyEvent(uint8_t)	16	static
Widget.hpp:50:18:virtual void touchgfx::Widget::getLastChild(int16_t, int16_t, touchgfx::Drawable**)	24	static
Widget.hpp:39:7:touchgfx::Widget::~Widget()	16	static
Widget.hpp:39:7:virtual touchgfx::Widget::~Widget()	16	static
AbstractButton.hpp:34:7:touchgfx::AbstractButton::~AbstractButton()	16	static
AbstractButton.hpp:34:7:virtual touchgfx::AbstractButton::~AbstractButton()	16	static
TypedText.hpp:68:13:touchgfx::TypedText::~TypedText()	16	static
TypedText.hpp:68:13:virtual touchgfx::TypedText::~TypedText()	16	static
TextArea.hpp:44:7:touchgfx::TextArea::~TextArea()	16	static
TextArea.hpp:44:7:virtual touchgfx::TextArea::~TextArea()	16	static
View.hpp:40:7:touchgfx::View<MainPresenter>::~View()	16	static
View.hpp:40:7:virtual touchgfx::View<MainPresenter>::~View()	16	static
MainViewBase.hpp:19:13:MainViewBase::~MainViewBase()	16	static
MainViewBase.hpp:19:13:virtual MainViewBase::~MainViewBase()	16	static
MainView.hpp:12:13:MainView::~MainView()	16	static
MainView.hpp:12:13:virtual MainView::~MainView()	16	static
MainView.cpp:8:1:MainView::MainView()	24	static
MainView.cpp:20:6:virtual void MainView::setupScreen()	16	static
MainView.cpp:25:6:virtual void MainView::tearDownScreen()	16	static
MainView.cpp:29:6:virtual void MainView::increaseValue()	16	static
MainView.cpp:54:6:virtual void MainView::decreaseValue()	16	static
MainView.cpp:72:6:void MainView::setCount(uint8_t)	16	static
MainView.cpp:79:6:void MainView::setLimitEffects(bool, bool)	56	static
Container.hpp:42:7:touchgfx::Container::~Container()	16	static
Container.hpp:42:7:virtual touchgfx::Container::~Container()	16	static
Box.hpp:36:7:touchgfx::Box::~Box()	16	static
Box.hpp:36:7:virtual touchgfx::Box::~Box()	16	static
Image.hpp:42:7:touchgfx::Image::~Image()	16	static
Image.hpp:42:7:virtual touchgfx::Image::~Image()	16	static
TextAreaWithWildcard.hpp:37:7:touchgfx::TextAreaWithOneWildcard::~TextAreaWithOneWildcard()	16	static
TextAreaWithWildcard.hpp:37:7:virtual touchgfx::TextAreaWithOneWildcard::~TextAreaWithOneWildcard()	16	static
Button.hpp:33:7:touchgfx::Button::~Button()	16	static
Button.hpp:33:7:virtual touchgfx::Button::~Button()	16	static
Callback.hpp:362:8:touchgfx::Callback<MainViewBase, const touchgfx::AbstractButton&>::~Callback()	16	static
Callback.hpp:362:8:virtual touchgfx::Callback<MainViewBase, const touchgfx::AbstractButton&>::~Callback()	16	static
Callback.hpp:141:13:touchgfx::GenericCallback<T1, void, void>::~GenericCallback() [with T1 = const touchgfx::AbstractButton&]	16	static
Callback.hpp:141:13:touchgfx::GenericCallback<T1, void, void>::~GenericCallback() [with T1 = const touchgfx::AbstractButton&]	16	static
Callback.hpp:392:18:void touchgfx::Callback<dest_type, T1, void, void>::execute(T1) [with dest_type = MainViewBase; T1 = const touchgfx::AbstractButton&]	16	static
Callback.hpp:402:18:bool touchgfx::Callback<dest_type, T1, void, void>::isValid() const [with dest_type = MainViewBase; T1 = const touchgfx::AbstractButton&]	16	static
